// Jest Snapshot v1, https://goo.gl/fbAQLP

exports[`Card Component matches the snapshot 1`] = `
<div>
  <div
    class="bg-white rounded-2xl p-6 shadow-xl hover:shadow-2xl transition-all duration-300 cursor-pointer border border-gray-100 dark:bg-gray-800 dark:border-gray-700"
  >
    <div
      class="flex items-center justify-between mb-4"
    >
      <div
        class="p-4 rounded-lg bg-opacity-20"
      >
        <div
          class="flex justify-center"
        >
          <span
            data-size="32"
            data-testid="icon"
          >
            Icon
          </span>
        </div>
      </div>
    </div>
    <div
      class="space-y-2"
    >
      <h3
        class="text-lg font-semibold text-gray-700 dark:text-gray-300"
      >
        Test Title
      </h3>
      <div
        class="flex items-end space-x-2"
      >
        <p
          class="text-3xl font-bold text-gray-800 dark:text-white"
        >
          42
        </p>
      </div>
    </div>
  </div>
</div>
`;
