// Jest Snapshot v1, https://goo.gl/fbAQLP

exports[`Notifications Component matches snapshot 1`] = `
<div>
  <div
    class="absolute left-1/4 top-16 -translate-x-1/2 bg-white shadow-lg 
 rounded-lg p-4 w-72 md:w-80 z-50 border border-gray-200"
  >
    <h3
      class="text-lg font-semibold mb-4 text-gray-800"
    >
      Notifications
    </h3>
    <p
      class="text-gray-500"
    >
      No new notifications
    </p>
  </div>
</div>
`;
